=== HBT Monitor Started ===
15:52:18 HS processes: 1
15:52:18 New HS PID: 24812
15:52:18 GetBattleTag returned null
15:52:18 ShowOverlay: creating overlay
15:52:18 ShowOverlay: calling Show()
15:52:18 ShowOverlay: Show() completed, IsVisible=True
15:52:18 ShowOverlay called
15:52:20 HS processes: 1
15:52:22 HS processes: 1
15:52:24 HS processes: 1
15:52:27 HS processes: 1
15:52:29 HS processes: 1
15:52:31 HS processes: 1
15:52:33 HS processes: 1
15:52:35 HS processes: 1
15:52:37 HS processes: 1
15:52:39 HS processes: 1
15:52:41 HS processes: 1
15:52:43 HS processes: 1
15:52:45 HS processes: 1
15:52:47 HS processes: 1
15:52:49 HS processes: 1
15:52:51 HS processes: 1
15:52:53 HS processes: 1
15:52:55 HS processes: 1
15:52:57 HS processes: 1
15:52:59 HS processes: 1
15:53:01 HS processes: 1
15:53:03 HS processes: 1
15:53:05 HS processes: 1
15:53:07 HS processes: 1
15:53:09 HS processes: 1
15:53:11 HS processes: 1
15:53:13 HS processes: 1
15:53:15 HS processes: 1
15:53:17 HS processes: 1
15:53:19 HS processes: 1
15:53:21 HS processes: 1
15:53:23 HS processes: 1
15:53:25 HS processes: 1
15:53:27 HS processes: 1
15:53:29 HS processes: 1
15:53:31 HS processes: 1
15:53:33 HS processes: 1
15:53:35 HS processes: 1
15:53:37 HS processes: 1
15:53:39 HS processes: 1
15:53:41 HS processes: 1
15:53:43 HS processes: 1
15:53:45 HS processes: 1
15:53:47 HS processes: 1
15:53:49 HS processes: 1
15:53:51 HS processes: 1
15:53:53 HS processes: 1
15:53:55 HS processes: 1
15:53:57 HS processes: 1
15:53:59 HS processes: 1
15:54:01 HS processes: 1
15:54:03 HS processes: 1
15:54:05 HS processes: 1
15:54:07 HS processes: 1
15:54:10 HS processes: 1
15:54:12 HS processes: 1
15:54:14 HS processes: 1
15:54:16 HS processes: 1
15:54:18 HS processes: 1
15:54:20 HS processes: 1
15:54:22 HS processes: 1
15:54:24 HS processes: 1
15:54:26 HS processes: 1
15:54:28 HS processes: 1
15:54:30 HS processes: 1
15:54:32 HS processes: 1
15:54:34 HS processes: 1
15:54:36 HS processes: 1
15:54:38 HS processes: 1
15:54:40 HS processes: 1
15:54:42 HS processes: 1
15:54:44 HS processes: 1
15:54:46 HS processes: 1
15:54:48 HS processes: 1
15:54:50 HS processes: 1
15:54:52 HS processes: 1
15:54:54 HS processes: 1
15:54:56 HS processes: 1
15:54:58 HS processes: 1
15:55:00 HS processes: 1
15:55:02 HS processes: 1
15:55:04 HS processes: 1
15:55:06 HS processes: 1
15:55:08 HS processes: 1
15:55:10 HS processes: 1
15:55:12 HS processes: 1
15:55:14 HS processes: 1
15:55:16 HS processes: 1
15:55:18 HS processes: 1
15:55:20 HS processes: 1
15:55:22 HS processes: 1
15:55:24 HS processes: 1
15:55:26 HS processes: 1
15:55:28 HS processes: 1
15:55:30 HS processes: 1
15:55:32 HS processes: 1
15:55:34 HS processes: 1
15:55:36 HS processes: 1
15:55:38 HS processes: 1
15:55:40 HS processes: 1
15:55:42 HS processes: 1
15:55:44 HS processes: 1
15:55:46 HS processes: 1
15:55:48 HS processes: 1
15:55:50 HS processes: 1
15:55:52 HS processes: 1
15:55:54 HS processes: 1
15:55:56 HS processes: 1
15:55:58 HS processes: 1
15:56:00 HS processes: 1
15:56:03 HS processes: 1
15:56:05 HS processes: 1
15:56:07 HS processes: 1
15:56:09 HS processes: 1
15:56:11 HS processes: 1
15:56:13 HS processes: 1
15:56:15 HS processes: 1
15:56:17 HS processes: 1
15:56:19 HS processes: 1
15:56:21 HS processes: 1
15:56:23 HS processes: 1
15:56:25 HS processes: 1
15:56:27 HS processes: 1
15:56:29 HS processes: 1
15:56:31 HS processes: 1
15:56:33 HS processes: 1
15:56:35 HS processes: 1
15:56:37 HS processes: 1
15:56:39 HS processes: 1
15:56:41 HS processes: 1
15:56:43 HS processes: 1
15:56:45 HS processes: 1
15:56:47 HS processes: 1
15:56:49 HS processes: 1
15:56:51 HS processes: 1
15:56:53 HS processes: 1
15:56:55 HS processes: 1
15:56:57 HS processes: 1
15:56:59 HS processes: 1
15:57:01 HS processes: 1
15:57:03 HS processes: 1
15:57:05 HS processes: 1
15:57:07 HS processes: 1
15:57:09 HS processes: 1
15:57:11 HS processes: 1
15:57:13 HS processes: 1
15:57:15 HS processes: 1
15:57:17 HS processes: 1
15:57:19 HS processes: 1
15:57:21 HS processes: 1
15:57:23 HS processes: 1
15:57:25 HS processes: 1
15:57:27 HS processes: 1
15:57:29 HS processes: 1
15:57:31 HS processes: 1
15:57:33 HS processes: 1
15:57:35 HS processes: 1
15:57:37 HS processes: 1
15:57:39 HS processes: 1
15:57:41 HS processes: 1
15:57:43 HS processes: 1
15:57:45 HS processes: 1
15:57:48 HS processes: 1
15:57:50 HS processes: 1
15:57:52 HS processes: 1
15:57:54 HS processes: 1
15:57:56 HS processes: 1
15:57:58 HS processes: 1
15:58:00 HS processes: 1
15:58:02 HS processes: 1
15:58:04 HS processes: 1
15:58:06 HS processes: 1
15:58:08 HS processes: 1
15:58:10 HS processes: 1
15:58:12 HS processes: 1
15:58:14 HS processes: 1
15:58:16 HS processes: 1
15:58:18 HS processes: 1
15:58:20 HS processes: 1
15:58:22 HS processes: 1
15:58:24 HS processes: 1
15:58:26 HS processes: 1
15:58:28 HS processes: 1
15:58:30 HS processes: 1
15:58:32 HS processes: 1
15:58:34 HS processes: 1
15:58:36 HS processes: 1
15:58:38 HS processes: 1
15:58:40 HS processes: 1
15:58:42 HS processes: 1
15:58:44 HS processes: 1
15:58:46 HS processes: 1
15:58:48 HS processes: 1
15:58:50 HS processes: 1
15:58:52 HS processes: 1
15:58:54 HS processes: 1
15:58:56 HS processes: 1
15:58:58 HS processes: 1
15:59:00 HS processes: 1
15:59:02 HS processes: 1
15:59:04 HS processes: 1
15:59:06 HS processes: 1
15:59:08 HS processes: 1
15:59:10 HS processes: 1
15:59:12 HS processes: 1
15:59:14 HS processes: 1
15:59:16 HS processes: 1
15:59:18 HS processes: 1
15:59:20 HS processes: 1
15:59:22 HS processes: 1
15:59:24 HS processes: 1
15:59:26 HS processes: 1
15:59:28 HS processes: 1
15:59:30 HS processes: 1
15:59:32 HS processes: 1
15:59:34 HS processes: 1
15:59:36 HS processes: 1
15:59:38 HS processes: 1
15:59:40 HS processes: 1
15:59:43 HS processes: 1
15:59:45 HS processes: 1
15:59:47 HS processes: 1
15:59:49 HS processes: 1
15:59:51 HS processes: 1
15:59:53 HS processes: 1
15:59:55 HS processes: 1
15:59:57 HS processes: 1
15:59:59 HS processes: 1
16:00:01 HS processes: 1
16:00:03 HS processes: 1
16:00:05 HS processes: 1
16:00:07 HS processes: 1
16:00:09 HS processes: 1
16:00:11 HS processes: 1
16:00:13 HS processes: 1
16:00:15 HS processes: 1
16:00:17 HS processes: 1
16:00:19 HS processes: 1
16:00:21 HS processes: 1
16:00:23 HS processes: 1
16:00:25 HS processes: 1
16:00:27 HS processes: 1
16:00:29 HS processes: 1
16:00:31 HS processes: 1
16:00:33 HS processes: 1
16:00:35 HS processes: 1
16:00:37 HS processes: 1
16:00:39 HS processes: 1
16:00:41 HS processes: 1
16:00:43 HS processes: 1
16:00:45 HS processes: 1
16:00:47 HS processes: 1
16:00:49 HS processes: 1
16:00:51 HS processes: 1
16:00:53 HS processes: 1
16:00:55 HS processes: 1
16:00:57 HS processes: 1
16:00:59 HS processes: 1
16:01:01 HS processes: 1
16:01:03 HS processes: 1
16:01:05 HS processes: 1
16:01:07 HS processes: 1
16:01:09 HS processes: 1
16:01:11 HS processes: 1
16:01:13 HS processes: 1
16:01:15 HS processes: 1
16:01:17 HS processes: 1
16:01:19 HS processes: 1
16:01:21 HS processes: 1
16:01:23 HS processes: 1
16:01:25 HS processes: 1
16:01:27 HS processes: 1
16:01:29 HS processes: 1
16:01:31 HS processes: 1
16:01:33 HS processes: 1
16:01:36 HS processes: 1
16:01:38 HS processes: 1
16:01:40 HS processes: 1
16:01:42 HS processes: 1
16:01:44 HS processes: 1
16:01:46 HS processes: 1
16:01:48 HS processes: 1
16:01:50 HS processes: 1
16:01:52 HS processes: 1
16:01:54 HS processes: 1
16:01:56 HS processes: 1
16:01:58 HS processes: 1
16:02:00 HS processes: 1
16:02:02 HS processes: 1
16:02:04 HS processes: 1
16:02:06 HS processes: 1
16:02:08 HS processes: 1
16:02:10 HS processes: 1
16:02:12 HS processes: 1
16:02:14 HS processes: 1
16:02:16 HS processes: 1
16:02:18 HS processes: 1
16:02:20 HS processes: 1
16:02:22 HS processes: 1
16:02:24 HS processes: 1
16:02:26 HS processes: 1
16:02:28 HS processes: 1
16:02:30 HS processes: 1
16:02:32 HS processes: 1
16:02:34 HS processes: 1
16:02:36 HS processes: 1
16:02:38 HS processes: 1
16:02:40 HS processes: 1
16:02:42 HS processes: 1
16:02:44 HS processes: 1
16:02:46 HS processes: 1
16:02:48 HS processes: 1
16:02:50 HS processes: 1
16:02:52 HS processes: 1
16:02:54 HS processes: 1
16:02:56 HS processes: 1
16:02:58 HS processes: 1
16:03:00 HS processes: 1
16:03:02 HS processes: 1
16:03:04 HS processes: 1
16:03:06 HS processes: 1
16:03:08 HS processes: 1
16:03:10 HS processes: 1
16:03:12 HS processes: 1
16:03:14 HS processes: 1
16:03:16 HS processes: 1
16:03:18 HS processes: 1
16:03:20 HS processes: 1
16:03:22 HS processes: 1
16:03:24 HS processes: 1
16:03:26 HS processes: 1
16:03:28 HS processes: 1
16:03:30 HS processes: 1
16:03:32 HS processes: 1
16:03:35 HS processes: 1
16:03:37 HS processes: 1
16:03:39 HS processes: 1
16:03:41 HS processes: 1
16:03:43 HS processes: 1
16:03:45 HS processes: 1
16:03:47 HS processes: 1
16:03:49 HS processes: 1
16:03:51 HS processes: 1
16:03:53 HS processes: 1
16:03:55 HS processes: 1
16:03:57 HS processes: 1
16:03:59 HS processes: 1
16:04:01 HS processes: 1
16:04:03 HS processes: 1
16:04:05 HS processes: 1
16:04:07 HS processes: 1
16:04:09 HS processes: 1
16:04:11 HS processes: 1
16:04:13 HS processes: 1
16:04:15 HS processes: 1
16:04:17 HS processes: 1
16:04:19 HS processes: 1
16:04:21 HS processes: 1
16:04:23 HS processes: 1
16:04:25 HS processes: 1
16:04:27 HS processes: 1
16:04:29 HS processes: 1
16:04:31 HS processes: 1
16:04:33 HS processes: 1
16:04:35 HS processes: 1
16:04:37 HS processes: 1
16:04:39 HS processes: 1
16:04:41 HS processes: 1
16:04:43 HS processes: 1
16:04:45 HS processes: 1
16:04:47 HS processes: 1
16:04:49 HS processes: 1
16:04:51 HS processes: 1
16:04:53 HS processes: 1
16:04:55 HS processes: 1
16:04:57 HS processes: 1
16:04:59 HS processes: 1
16:05:01 HS processes: 1
16:05:03 HS processes: 1
16:05:05 HS processes: 1
16:05:07 HS processes: 1
16:05:09 HS processes: 1
16:05:11 HS processes: 1
16:05:13 HS processes: 1
16:05:15 HS processes: 1
16:05:17 HS processes: 1
16:05:20 HS processes: 1
16:05:22 HS processes: 1
16:05:24 HS processes: 1
16:05:26 HS processes: 1
16:05:28 HS processes: 1
16:05:30 HS processes: 1
16:05:32 HS processes: 1
16:05:34 HS processes: 1
16:05:36 HS processes: 1
16:05:38 HS processes: 1
16:05:40 HS processes: 1
16:05:42 HS processes: 1
16:05:44 HS processes: 1
16:05:46 HS processes: 1
16:05:48 HS processes: 1
16:05:50 HS processes: 1
16:05:52 HS processes: 1
16:05:54 HS processes: 1
16:05:56 HS processes: 1
16:05:58 HS processes: 1
16:06:00 HS processes: 1
16:06:02 HS processes: 1
16:06:04 HS processes: 1
16:06:06 HS processes: 1
16:06:08 HS processes: 1
16:06:10 HS processes: 1
16:06:12 HS processes: 1
16:06:14 HS processes: 1
16:06:16 HS processes: 1
16:06:18 HS processes: 1
16:06:20 HS processes: 1
16:06:22 HS processes: 1
16:06:24 HS processes: 1
16:06:26 HS processes: 1
16:06:28 HS processes: 1
16:06:30 HS processes: 1
16:06:32 HS processes: 1
16:06:34 HS processes: 1
16:06:36 HS processes: 1
16:06:38 HS processes: 1
16:06:40 HS processes: 1
16:06:42 HS processes: 1
16:06:44 HS processes: 1
16:06:46 HS processes: 1
16:06:48 HS processes: 1
16:06:50 HS processes: 1
16:06:52 HS processes: 1
16:06:54 HS processes: 1
16:06:56 HS processes: 1
16:06:58 HS processes: 1
16:07:00 HS processes: 1
16:07:02 HS processes: 1
16:07:04 HS processes: 1
16:07:07 HS processes: 1
16:07:09 HS processes: 1
16:07:11 HS processes: 1
16:07:13 HS processes: 1
16:07:15 HS processes: 1
16:07:17 HS processes: 1
16:07:19 HS processes: 1
16:07:21 HS processes: 1
16:07:23 HS processes: 1
16:07:25 HS processes: 1
16:07:27 HS processes: 1
16:07:29 HS processes: 1
16:07:31 HS processes: 1
16:07:33 HS processes: 1
16:07:35 HS processes: 1
16:07:37 HS processes: 1
16:07:39 HS processes: 1
16:07:41 HS processes: 1
16:07:43 HS processes: 1
16:07:45 HS processes: 1
16:07:47 HS processes: 1
16:07:49 HS processes: 1
16:07:51 HS processes: 1
16:07:53 HS processes: 1
16:07:55 HS processes: 1
16:07:57 HS processes: 1
16:07:59 HS processes: 1
16:08:01 HS processes: 1
16:08:03 HS processes: 1
16:08:05 HS processes: 1
16:08:07 HS processes: 1
16:08:09 HS processes: 1
16:08:11 HS processes: 1
16:08:13 HS processes: 1
16:08:15 HS processes: 1
16:08:17 HS processes: 1
16:08:19 HS processes: 1
16:08:21 HS processes: 1
16:08:23 HS processes: 1
16:08:25 HS processes: 1
16:08:27 HS processes: 1
16:08:29 HS processes: 1
16:08:31 HS processes: 1
16:08:33 HS processes: 1
16:08:35 HS processes: 1
16:08:37 HS processes: 1
16:08:39 HS processes: 1
16:08:41 HS processes: 1
16:08:43 HS processes: 1
16:08:45 HS processes: 1
16:08:47 HS processes: 1
16:08:49 HS processes: 1
16:08:52 HS processes: 1
16:08:54 HS processes: 1
16:08:56 HS processes: 1
16:08:58 HS processes: 1
16:09:00 HS processes: 1
16:09:02 HS processes: 1
16:09:04 HS processes: 1
16:09:06 HS processes: 1
16:09:08 HS processes: 1
16:09:10 HS processes: 1
16:09:12 HS processes: 1
16:09:14 HS processes: 1
16:09:16 HS processes: 1
16:09:18 HS processes: 1
16:09:20 HS processes: 1
16:09:22 HS processes: 1
16:09:24 HS processes: 1
16:09:26 HS processes: 1
16:09:28 HS processes: 1
16:09:30 HS processes: 1
16:09:32 HS processes: 1
16:09:34 HS processes: 1
16:09:36 HS processes: 1
16:09:38 HS processes: 1
16:09:40 HS processes: 1
16:09:42 HS processes: 1
16:09:44 HS processes: 1
16:09:46 HS processes: 1
16:09:48 HS processes: 1
16:09:50 HS processes: 1
16:09:52 HS processes: 1
16:09:54 HS processes: 1
16:09:56 HS processes: 1
16:09:58 HS processes: 1
16:10:00 HS processes: 1
16:10:02 HS processes: 1
16:10:04 HS processes: 1
16:10:06 HS processes: 1
16:10:08 HS processes: 1
16:10:10 HS processes: 1
16:10:12 HS processes: 1
16:10:14 HS processes: 1
16:10:16 HS processes: 1
16:10:18 HS processes: 1
16:10:20 HS processes: 1
16:10:22 HS processes: 1
16:10:24 HS processes: 1
16:10:26 HS processes: 1
16:10:28 HS processes: 1
16:10:30 HS processes: 1
16:10:32 HS processes: 1
16:10:34 HS processes: 1
16:10:36 HS processes: 1
16:10:39 HS processes: 1
16:10:41 HS processes: 1
16:10:43 HS processes: 1
16:10:45 HS processes: 1
16:10:47 HS processes: 1
16:10:49 HS processes: 1
16:10:51 HS processes: 1
16:10:53 HS processes: 1
16:10:55 HS processes: 1
16:10:57 HS processes: 1
16:10:59 HS processes: 1
16:11:01 HS processes: 1
16:11:03 HS processes: 1
16:11:05 HS processes: 1
16:11:07 HS processes: 1
16:11:09 HS processes: 1
16:11:11 HS processes: 1
16:11:13 HS processes: 1
16:11:15 HS processes: 1
16:11:17 HS processes: 1
16:11:19 HS processes: 1
16:11:21 HS processes: 1
16:11:23 HS processes: 1
16:11:25 HS processes: 1
16:11:27 HS processes: 1
16:11:29 HS processes: 1
16:11:31 HS processes: 1
16:11:33 HS processes: 1
16:11:35 HS processes: 1
16:11:37 HS processes: 1
16:11:39 HS processes: 1
16:11:41 HS processes: 1
16:11:43 HS processes: 1
16:11:45 HS processes: 1
16:11:47 HS processes: 1
16:11:49 HS processes: 1
16:11:51 HS processes: 1
16:11:53 HS processes: 1
16:11:55 HS processes: 1
16:11:57 HS processes: 1
16:11:59 HS processes: 1
16:12:01 HS processes: 1
16:12:03 HS processes: 1
16:12:05 HS processes: 1
16:12:07 HS processes: 1
16:12:09 HS processes: 1
16:12:11 HS processes: 1
16:12:13 HS processes: 1
16:12:15 HS processes: 1
16:12:17 HS processes: 1
16:12:19 HS processes: 1
16:12:21 HS processes: 1
16:12:23 HS processes: 1
16:12:25 HS processes: 1
16:12:28 HS processes: 1
16:12:30 HS processes: 1
16:12:32 HS processes: 1
16:12:34 HS processes: 1
16:12:36 HS processes: 1
16:12:38 HS processes: 1
16:12:40 HS processes: 1
16:12:42 HS processes: 1
16:12:44 HS processes: 1
16:12:46 HS processes: 1
16:12:48 HS processes: 1
16:12:50 HS processes: 1
16:12:52 HS processes: 1
16:12:54 HS processes: 1
16:12:56 HS processes: 1
16:12:58 HS processes: 1
16:13:00 HS processes: 1
16:13:02 HS processes: 1
16:13:04 HS processes: 1
16:13:06 HS processes: 1
16:13:08 HS processes: 1
16:13:10 HS processes: 1
16:13:12 HS processes: 1
16:13:14 HS processes: 1
16:13:16 HS processes: 1
16:13:18 HS processes: 1
16:13:20 HS processes: 1
16:13:22 HS processes: 1
16:13:24 HS processes: 1
16:13:26 HS processes: 1
16:13:28 HS processes: 1
16:13:30 HS processes: 1
16:13:32 HS processes: 1
16:13:34 HS processes: 1
16:13:36 HS processes: 1
16:13:38 HS processes: 1
16:13:40 HS processes: 1
16:13:42 HS processes: 1
16:13:44 HS processes: 1
16:13:46 HS processes: 1
16:13:48 HS processes: 1
16:13:50 HS processes: 1
16:13:52 HS processes: 1
16:13:54 HS processes: 1
16:13:56 HS processes: 1
16:13:58 HS processes: 1
16:14:00 HS processes: 1
16:14:02 HS processes: 1
16:14:04 HS processes: 1
16:14:06 HS processes: 1
16:14:08 HS processes: 1
16:14:10 HS processes: 1
16:14:12 HS processes: 1
16:14:14 HS processes: 1
16:14:16 HS processes: 1
16:14:19 HS processes: 1
16:14:21 HS processes: 1
16:14:23 HS processes: 1
16:14:25 HS processes: 1
16:14:27 HS processes: 1
16:14:29 HS processes: 1
16:14:31 HS processes: 1
16:14:33 HS processes: 1
16:14:35 HS processes: 1
16:14:37 HS processes: 1
16:14:39 HS processes: 1
16:14:41 HS processes: 1
16:14:43 HS processes: 1
16:14:45 HS processes: 1
16:14:47 HS processes: 1
16:14:49 HS processes: 1
16:14:51 HS processes: 1
16:14:53 HS processes: 1
16:14:55 HS processes: 1
16:14:57 HS processes: 1
16:14:59 HS processes: 1
16:15:01 HS processes: 1
16:15:03 HS processes: 1
16:15:05 HS processes: 1
16:15:07 HS processes: 1
16:15:09 HS processes: 1
16:15:11 HS processes: 1
16:15:13 HS processes: 1
16:15:15 HS processes: 1
16:15:17 HS processes: 1
16:15:19 HS processes: 1
16:15:21 HS processes: 1
16:15:23 HS processes: 1
16:15:25 HS processes: 1
16:15:27 HS processes: 1
16:15:29 HS processes: 1
16:15:31 HS processes: 1
16:15:33 HS processes: 1
16:15:35 HS processes: 1
16:15:37 HS processes: 1
16:15:39 HS processes: 1
16:15:41 HS processes: 1
16:15:43 HS processes: 1
16:15:45 HS processes: 1
16:15:47 HS processes: 1
16:15:49 HS processes: 1
16:15:51 HS processes: 1
16:15:53 HS processes: 1
16:15:55 HS processes: 1
16:15:57 HS processes: 1
16:15:59 HS processes: 1
16:16:01 HS processes: 1
16:16:04 HS processes: 1
16:16:06 HS processes: 1
16:16:08 HS processes: 1
16:16:10 HS processes: 1
16:16:12 HS processes: 1
16:16:14 HS processes: 1
16:16:16 HS processes: 1
16:16:18 HS processes: 1
16:16:20 HS processes: 1
16:16:22 HS processes: 1
16:16:24 HS processes: 1
16:16:26 HS processes: 1
16:16:28 HS processes: 1
16:16:30 HS processes: 1
16:16:32 HS processes: 1
16:16:34 HS processes: 1
16:16:36 HS processes: 1
16:16:38 HS processes: 1
16:16:40 HS processes: 1
16:16:42 HS processes: 1
16:16:44 HS processes: 1
16:16:46 HS processes: 1
16:16:48 HS processes: 1
16:16:50 HS processes: 1
16:16:52 HS processes: 1
16:16:54 HS processes: 1
16:16:56 HS processes: 1
16:16:58 HS processes: 1
16:17:00 HS processes: 1
16:17:02 HS processes: 1
16:17:04 HS processes: 1
16:17:06 HS processes: 1
16:17:08 HS processes: 1
16:17:10 HS processes: 1
16:17:12 HS processes: 1
16:17:14 HS processes: 1
16:17:16 HS processes: 1
16:17:18 HS processes: 1
16:17:20 HS processes: 1
16:17:22 HS processes: 1
16:17:24 HS processes: 1
16:17:26 HS processes: 1
16:17:28 HS processes: 1
16:17:30 HS processes: 1
16:17:32 HS processes: 1
16:17:34 HS processes: 1
16:17:36 HS processes: 1
16:17:38 HS processes: 1
16:17:40 HS processes: 1
16:17:42 HS processes: 1
16:17:44 HS processes: 1
16:17:46 HS processes: 1
16:17:48 HS processes: 1
16:17:50 HS processes: 1
16:17:52 HS processes: 1
16:17:55 HS processes: 1
16:17:57 HS processes: 1
16:17:59 HS processes: 1
16:18:01 HS processes: 1
16:18:03 HS processes: 1
16:18:05 HS processes: 1
16:18:07 HS processes: 1
16:18:09 HS processes: 1
16:18:11 HS processes: 1
16:18:13 HS processes: 1
16:18:15 HS processes: 1
16:18:17 HS processes: 1
16:18:19 HS processes: 1
16:18:21 HS processes: 1
16:18:23 HS processes: 1
16:18:25 HS processes: 1
16:18:27 HS processes: 1
16:18:29 HS processes: 1
16:18:31 HS processes: 1
16:18:33 HS processes: 1
16:18:35 HS processes: 1
16:18:37 HS processes: 1
16:18:39 HS processes: 1
16:18:41 HS processes: 1
16:18:43 HS processes: 1
16:18:45 HS processes: 1
16:18:47 HS processes: 1
16:18:49 HS processes: 1
16:18:51 HS processes: 1
16:18:53 HS processes: 1
16:18:55 HS processes: 1
16:18:57 HS processes: 1
16:18:59 HS processes: 1
16:19:01 HS processes: 1
16:19:03 HS processes: 1
16:19:05 HS processes: 1
16:19:07 HS processes: 1
16:19:09 HS processes: 1
16:19:11 HS processes: 1
