=== HearthstoneBattlegroundTracker Monitor Started ===
[Config] 未找到任何配置文件，使用默认值
[Plugin] 已加载 0 个插件
[Monitor] LogWatcher 启动
[Monitor] 检测到炉石进程 PID=44092
[Monitor] 找到日志: Power.log
[UnitySpy] Found process, MainModuleFileName=D:\Battle.net\Hearthstone\Hearthstone.exe
[UnitySpy] Found process, MainModuleFileName=D:\Battle.net\Hearthstone\Hearthstone.exe
[UnitySpy] Found process, MainModuleFileName=D:\Battle.net\Hearthstone\Hearthstone.exe
[BGSpy] Initialized successfully via UnitySpy
[BGSpy] Initialized successfully via UnitySpy
[BGSpy] Initialized successfully via UnitySpy
[Monitor] 玩家: 南怀北瑾丨少头脑#5267
[Disconnect] EndReconnect
[BgdbUpdate] hsbg.cards 响应长度: 1585
[BgdbUpdate] 解析版本: '35.6'
[BgdbUpdate] 版本比较: 本地='35.6' vs 最新='35.6'
[BgdbUpdate] 版本相同或无法获取最新版本，跳过
[Monitor] AccountId.Hi: 144115211015832391, Lo: 1708070391
[Monitor] MMR: 8362
[HM] Detected Hearthstone PID=44092
[UnitySpy] Found process, MainModuleFileName=D:\Battle.net\Hearthstone\Hearthstone.exe
[UnitySpy] Found process, MainModuleFileName=D:\Battle.net\Hearthstone\Hearthstone.exe
[BGSpy] Initialized successfully via UnitySpy
[BGSpy] Initialized successfully via UnitySpy
[API] ✅ 验证码: C90A108C
[Monitor] 验证码: C90A108C
[Monitor] 当前场景: 15
[HM] Connected (BGSpy initialized)
[Disconnect] EndReconnect
[Disconnect] EndReconnect
[HM] Hearthstone not running, disconnected
